== split-half Spearman rho :: baseaxis_N30_B100_s0.jsonl ==
   steps=100  splits/step=20
 step  rho_half  rho_full   solve   f_mean    f_std  degen
    0    +0.297    +0.458   0.069   0.0687  0.03074      0
    1    +0.080    +0.149   0.073   0.0727  0.02529      0
    2    -0.012    -0.025   0.086   0.0860  0.02590      0
    3    +0.204    +0.338   0.121   0.1210  0.03467      0
    4    +0.393    +0.564   0.103   0.1033  0.03762      0
    5    +0.222    +0.363   0.108   0.1083  0.03347      0
    6    +0.260    +0.412   0.093   0.0933  0.03249      0
    7    +0.235    +0.380   0.115   0.1147  0.03575      0
    8    +0.127    +0.225   0.109   0.1093  0.03326      0
    9    +0.334    +0.500   0.136   0.1363  0.04438      0
   10    +0.408    +0.580   0.128   0.1280  0.04277      0
   11    +0.169    +0.290   0.126   0.1257  0.03180      0
   12    +0.216    +0.355   0.121   0.1210  0.03627      0
   13    +0.461    +0.631   0.160   0.1597  0.04970      0
   14    +0.409    +0.581   0.144   0.1440  0.04521      0
   15    +0.126    +0.224   0.170   0.1700  0.03624      0
   16    +0.418    +0.590   0.148   0.1483  0.04458      0
   17    +0.351    +0.520   0.184   0.1837  0.04078      0
   18    +0.229    +0.372   0.150   0.1503  0.04159      0
   19    +0.473    +0.642   0.218   0.2180  0.05313      0
   20    +0.414    +0.585   0.241   0.2413  0.05252      0
   21    +0.214    +0.352   0.205   0.2050  0.04288      0
   22    +0.236    +0.381   0.198   0.1977  0.04031      0
   23    +0.531    +0.694   0.215   0.2150  0.06469      0
   24    +0.218    +0.358   0.174   0.1737  0.03834      0
   25    +0.403    +0.574   0.200   0.2003  0.04586      0
   26    +0.225    +0.367   0.193   0.1933  0.04237      0
   27    +0.284    +0.442   0.278   0.2777  0.04876      0
   28    +0.366    +0.536   0.201   0.2010  0.05036      0
   29    +0.286    +0.445   0.248   0.2483  0.04480      0
   30    +0.325    +0.490   0.298   0.2983  0.06083      0
   31    +0.359    +0.529   0.287   0.2873  0.04767      0
   32    +0.255    +0.406   0.262   0.2620  0.04238      0
   33    +0.430    +0.602   0.215   0.2150  0.05005      0
   34    +0.472    +0.642   0.351   0.3510  0.07143      0
   35    +0.456    +0.627   0.346   0.3463  0.06978      0
   36    +0.259    +0.412   0.288   0.2880  0.04086      0
   37    +0.396    +0.567   0.260   0.2603  0.05218      0
   38    +0.290    +0.450   0.308   0.3080  0.05023      0
   39    +0.187    +0.315   0.258   0.2580  0.04277      0
   40    +0.382    +0.552   0.328   0.3280  0.04679      0
   41    +0.372    +0.542   0.302   0.3017  0.04290      0
   42    +0.434    +0.605   0.344   0.3437  0.04936      0
   43    +0.070    +0.131   0.334   0.3343  0.03862      0
   44    +0.171    +0.291   0.339   0.3390  0.03636      0
   45    +0.121    +0.216   0.258   0.2580  0.03544      0
   46    +0.410    +0.582   0.330   0.3300  0.04768      0
   47    +0.448    +0.618   0.314   0.3140  0.04828      0
   48    +0.143    +0.250   0.404   0.4040  0.03765      0
   49    +0.257    +0.409   0.249   0.2490  0.03600      0
   50    +0.366    +0.536   0.324   0.3237  0.03979      0
   51    +0.481    +0.649   0.291   0.2907  0.04959      0
   52    +0.381    +0.552   0.329   0.3290  0.04392      0
   53    +0.264    +0.418   0.323   0.3233  0.03859      0
   54    +0.302    +0.464   0.320   0.3203  0.05492      0
   55    +0.212    +0.350   0.357   0.3573  0.05756      0
   56    +0.369    +0.539   0.393   0.3927  0.05961      0
   57    +0.284    +0.443   0.357   0.3570  0.05216      0
   58    +0.419    +0.590   0.336   0.3357  0.04978      0
   59    +0.435    +0.607   0.332   0.3320  0.05793      0
   60    +0.331    +0.498   0.253   0.2530  0.03761      0
   61    +0.050    +0.094   0.376   0.3760  0.02917      0
   62    +0.483    +0.652   0.375   0.3750  0.05494      0
   63    +0.467    +0.636   0.298   0.2983  0.05646      0
   64    +0.256    +0.408   0.412   0.4120  0.04020      0
   65    +0.260    +0.413   0.337   0.3370  0.04713      0
   66    +0.455    +0.626   0.331   0.3307  0.04661      0
   67    +0.144    +0.252   0.434   0.4340  0.03029      0
   68    +0.289    +0.448   0.342   0.3423  0.06233      0
   69    +0.154    +0.267   0.387   0.3870  0.05990      0
   70    +0.461    +0.631   0.364   0.3637  0.06113      0
   71    +0.402    +0.574   0.305   0.3047  0.06302      0
   72    +0.415    +0.587   0.356   0.3557  0.07022      0
   73    +0.395    +0.566   0.351   0.3513  0.04403      0
   74    +0.170    +0.290   0.355   0.3547  0.03384      0
   75    +0.152    +0.265   0.452   0.4520  0.03506      0
   76    +0.146    +0.254   0.335   0.3350  0.03263      0
   77    +0.180    +0.305   0.373   0.3733  0.04101      0
   78    +0.432    +0.603   0.299   0.2987  0.04201      0
   79    +0.194    +0.325   0.373   0.3727  0.05651      0
   80    +0.209    +0.346   0.333   0.3327  0.03376      0
   81    +0.263    +0.416   0.388   0.3883  0.04510      0
   82    +0.393    +0.565   0.359   0.3590  0.04571      0
   83    +0.176    +0.299   0.300   0.3000  0.04472      0
   84    +0.021    +0.041   0.354   0.3543  0.02692      0
   85    +0.354    +0.523   0.312   0.3123  0.06163      0
   86    +0.300    +0.462   0.356   0.3557  0.04485      0
   87    +0.407    +0.578   0.390   0.3897  0.06616      0
   88    +0.307    +0.470   0.305   0.3053  0.03685      0
   89    +0.229    +0.372   0.382   0.3817  0.03578      0
   90    +0.364    +0.533   0.286   0.2860  0.05057      0
   91    +0.518    +0.683   0.403   0.4027  0.08567      0
   92    +0.588    +0.741   0.351   0.3513  0.07356      0
   93    +0.242    +0.389   0.421   0.4213  0.05162      0
   94    +0.472    +0.641   0.319   0.3190  0.06030      0
   95    +0.059    +0.112   0.407   0.4073  0.03949      0
   96    +0.471    +0.640   0.370   0.3703  0.05474      0
   97    -0.181    -0.442   0.385   0.3850  0.02262      0
   98    +0.408    +0.580   0.434   0.4337  0.06258      0
   99    +0.264    +0.417   0.356   0.3560  0.04271      0
   rho_mean=0.3003  min=-0.181  max=0.5883
   -> axis_probe/results/countdown_3b_N30_B100/baseaxis_N30_B100_s0_rho.json
