== split-half Spearman rho :: tilt_N30_B100_kappa0.2_to0.0_cos_s0.jsonl ==
   steps=100  splits/step=20
 step  rho_half  rho_full   solve   f_mean    f_std  degen
    0    +0.297    +0.458   0.069   0.0687  0.03074      0
    1    +0.547    +0.707   0.064   0.0637  0.03790      0
    2    +0.025    +0.049   0.078   0.0777  0.02753      0
    3    +0.405    +0.576   0.118   0.1180  0.04037      0
    4    +0.533    +0.696   0.103   0.1027  0.04597      0
    5    +0.480    +0.649   0.119   0.1193  0.04871      0
    6    +0.314    +0.477   0.119   0.1187  0.03862      0
    7    +0.406    +0.578   0.134   0.1337  0.04199      0
    8    +0.396    +0.568   0.120   0.1200  0.03950      0
    9    +0.424    +0.596   0.172   0.1717  0.04994      0
   10    +0.427    +0.598   0.168   0.1683  0.05100      0
   11    +0.265    +0.419   0.150   0.1503  0.03886      0
   12    +0.364    +0.533   0.147   0.1473  0.03864      0
   13    +0.322    +0.487   0.188   0.1883  0.04337      0
   14    +0.105    +0.189   0.170   0.1700  0.03670      0
   15    -0.036    -0.075   0.165   0.1650  0.03019      0
   16    +0.144    +0.252   0.141   0.1413  0.04326      0
   17    +0.341    +0.508   0.194   0.1937  0.04665      0
   18    +0.211    +0.349   0.146   0.1463  0.03987      0
   19    +0.322    +0.487   0.218   0.2183  0.04525      0
   20    +0.073    +0.137   0.254   0.2537  0.04029      0
   21    +0.471    +0.640   0.215   0.2147  0.05271      0
   22    +0.375    +0.546   0.202   0.2023  0.04364      0
   23    +0.370    +0.540   0.221   0.2210  0.04770      0
   24    +0.231    +0.376   0.173   0.1730  0.03532      0
   25    +0.239    +0.386   0.211   0.2110  0.03824      0
   26    +0.220    +0.361   0.206   0.2063  0.03526      0
   27    +0.272    +0.427   0.263   0.2633  0.04174      0
   28    +0.223    +0.364   0.164   0.1643  0.03490      0
   29    +0.269    +0.423   0.219   0.2190  0.04085      0
   30    +0.418    +0.590   0.272   0.2723  0.05445      0
   31    +0.519    +0.683   0.261   0.2610  0.05275      0
   32    +0.317    +0.482   0.241   0.2407  0.04057      0
   33    +0.337    +0.504   0.190   0.1900  0.04041      0
   34    +0.294    +0.455   0.293   0.2927  0.04538      0
   35    +0.355    +0.524   0.333   0.3333  0.04526      0
   36    +0.304    +0.467   0.246   0.2460  0.04409      0
   37    +0.260    +0.413   0.224   0.2243  0.03870      0
   38    +0.396    +0.567   0.291   0.2910  0.04519      0
   39    +0.361    +0.531   0.218   0.2183  0.04148      0
   40    +0.468    +0.638   0.283   0.2827  0.04946      0
   41    +0.316    +0.480   0.259   0.2593  0.04187      0
   42    +0.267    +0.421   0.315   0.3153  0.04529      0
   43    +0.205    +0.340   0.271   0.2713  0.03766      0
   44    +0.166    +0.284   0.304   0.3040  0.03262      0
   45    +0.149    +0.259   0.235   0.2347  0.03354      0
   46    +0.206    +0.342   0.286   0.2863  0.03728      0
   47    +0.479    +0.647   0.277   0.2770  0.04466      0
   48    +0.427    +0.598   0.393   0.3933  0.04853      0
   49    -0.093    -0.206   0.202   0.2020  0.02257      0
   50    +0.334    +0.501   0.281   0.2813  0.04177      0
   51    +0.462    +0.632   0.290   0.2900  0.03933      0
   52    +0.207    +0.343   0.316   0.3157  0.04031      0
   53    +0.374    +0.545   0.272   0.2720  0.03709      0
   54    +0.278    +0.434   0.302   0.3020  0.03655      0
   55    +0.260    +0.412   0.339   0.3387  0.03500      0
   56    +0.133    +0.234   0.378   0.3777  0.03694      0
   57    +0.089    +0.163   0.324   0.3237  0.03060      0
   58    +0.368    +0.538   0.312   0.3123  0.04080      0
   59    +0.203    +0.337   0.355   0.3547  0.03170      0
   60    +0.109    +0.197   0.242   0.2423  0.02499      0
   61    +0.504    +0.670   0.335   0.3347  0.04660      0
   62    +0.034    +0.065   0.378   0.3783  0.03012      0
   63    +0.176    +0.299   0.284   0.2837  0.03401      0
   64    +0.364    +0.534   0.383   0.3833  0.03798      0
   65    +0.361    +0.530   0.327   0.3270  0.04067      0
   66    +0.179    +0.304   0.325   0.3247  0.03658      0
   67    +0.467    +0.637   0.402   0.4017  0.04116      0
   68    +0.093    +0.171   0.309   0.3087  0.02778      0
   69    +0.261    +0.414   0.352   0.3517  0.03874      0
   70    +0.108    +0.195   0.353   0.3533  0.02948      0
   71    +0.068    +0.128   0.341   0.3410  0.02521      0
   72    +0.251    +0.401   0.334   0.3340  0.03702      0
   73    +0.142    +0.249   0.328   0.3277  0.03062      0
   74    +0.215    +0.354   0.322   0.3217  0.02721      0
   75    +0.268    +0.423   0.439   0.4387  0.03528      0
   76    +0.263    +0.416   0.366   0.3657  0.03211      0
   77    +0.358    +0.528   0.354   0.3537  0.04159      0
   78    +0.457    +0.627   0.283   0.2833  0.03789      0
   79    +0.228    +0.371   0.342   0.3420  0.03390      0
   80    +0.092    +0.169   0.314   0.3140  0.03062      0
   81    +0.349    +0.517   0.386   0.3863  0.04045      0
   82    +0.024    +0.047   0.346   0.3460  0.02859      0
   83    +0.284    +0.442   0.279   0.2793  0.03483      0
   84    +0.390    +0.561   0.359   0.3593  0.03768      0
   85    +0.173    +0.294   0.333   0.3327  0.03108      0
   86    +0.230    +0.373   0.371   0.3713  0.03008      0
   87    +0.251    +0.401   0.426   0.4263  0.03281      0
   88    +0.109    +0.197   0.301   0.3010  0.02256      0
   89    +0.266    +0.421   0.407   0.4067  0.03429      0
   90    +0.209    +0.346   0.306   0.3063  0.02639      0
   91    +0.199    +0.332   0.451   0.4507  0.03032      0
   92    +0.190    +0.319   0.405   0.4050  0.03202      0
   93    +0.117    +0.209   0.416   0.4160  0.02973      0
   94    +0.130    +0.230   0.343   0.3433  0.02809      0
   95    -0.046    -0.096   0.438   0.4380  0.02509      0
   96    +0.242    +0.389   0.409   0.4090  0.03340      0
   97    +0.149    +0.259   0.376   0.3763  0.02994      0
   98    +0.290    +0.450   0.464   0.4643  0.03232      0
   99    +0.201    +0.335   0.367   0.3670  0.03164      0
   rho_mean=0.2665  min=-0.0933  max=0.5467
   -> axis_probe/results/countdown_3b_N30_B100/tilt_N30_B100_kappa0.2_to0.0_cos_s0_rho.json
