== split-half Spearman rho :: tilt_N30_B100_kappa0.2_half0.5_s0.jsonl ==
   steps=100  splits/step=20
 step  rho_half  rho_full   solve   f_mean    f_std  degen
    0    +0.297    +0.458   0.069   0.0687  0.03074      0
    1    +0.534    +0.696   0.063   0.0630  0.03770      0
    2    +0.271    +0.427   0.082   0.0820  0.03497      0
    3    +0.385    +0.556   0.117   0.1173  0.04297      0
    4    +0.497    +0.664   0.112   0.1120  0.04269      0
    5    +0.439    +0.610   0.118   0.1183  0.04954      0
    6    +0.246    +0.394   0.119   0.1187  0.03622      0
    7    +0.212    +0.349   0.140   0.1403  0.03683      0
    8    +0.406    +0.577   0.128   0.1280  0.04134      0
    9    +0.555    +0.714   0.180   0.1800  0.05983      0
   10    +0.275    +0.432   0.171   0.1707  0.04335      0
   11    +0.429    +0.601   0.146   0.1457  0.04440      0
   12    +0.077    +0.144   0.159   0.1590  0.03419      0
   13    +0.401    +0.572   0.188   0.1880  0.04475      0
   14    +0.250    +0.400   0.168   0.1677  0.03809      0
   15    +0.310    +0.474   0.168   0.1677  0.04072      0
   16    +0.233    +0.378   0.156   0.1557  0.03809      0
   17    +0.237    +0.383   0.193   0.1930  0.04173      0
   18    +0.143    +0.250   0.148   0.1477  0.03694      0
   19    +0.210    +0.347   0.211   0.2110  0.04679      0
   20    +0.471    +0.641   0.256   0.2563  0.05992      0
   21    +0.362    +0.531   0.199   0.1990  0.04277      0
   22    +0.003    +0.005   0.196   0.1957  0.03232      0
   23    +0.072    +0.135   0.215   0.2153  0.03393      0
   24    +0.020    +0.039   0.178   0.1783  0.02853      0
   25    +0.195    +0.326   0.209   0.2090  0.03727      0
   26    +0.289    +0.449   0.196   0.1957  0.04104      0
   27    +0.388    +0.559   0.251   0.2513  0.05277      0
   28    +0.141    +0.248   0.154   0.1537  0.03230      0
   29    +0.193    +0.324   0.197   0.1967  0.04061      0
   30    +0.501    +0.667   0.274   0.2740  0.06550      0
   31    +0.289    +0.448   0.250   0.2503  0.04715      0
   32    +0.387    +0.558   0.228   0.2280  0.04512      0
   33    +0.248    +0.398   0.202   0.2020  0.03458      0
   34    +0.243    +0.391   0.292   0.2917  0.04539      0
   35    +0.300    +0.462   0.293   0.2933  0.04777      0
   36    +0.353    +0.522   0.206   0.2060  0.04263      0
   37    +0.310    +0.473   0.211   0.2113  0.04372      0
   38    +0.327    +0.492   0.269   0.2690  0.04664      0
   39    +0.291    +0.451   0.205   0.2053  0.04448      0
   40    +0.375    +0.546   0.262   0.2617  0.05171      0
   41    +0.360    +0.530   0.246   0.2457  0.04695      0
   42    +0.359    +0.528   0.280   0.2797  0.04785      0
   43    +0.469    +0.638   0.237   0.2367  0.05075      0
   44    +0.217    +0.356   0.298   0.2983  0.03751      0
   45    +0.177    +0.301   0.207   0.2067  0.03571      0
   46    +0.430    +0.602   0.256   0.2560  0.04491      0
   47    +0.395    +0.566   0.251   0.2507  0.04389      0
   48    +0.525    +0.689   0.358   0.3583  0.05820      0
   49    +0.430    +0.602   0.204   0.2043  0.04379      0
   50    +0.264    +0.418   0.270   0.2697  0.04078      0
   51    +0.086    +0.159   0.264   0.2643  0.03095      0
   52    +0.294    +0.454   0.301   0.3013  0.04248      0
   53    +0.053    +0.101   0.268   0.2683  0.02911      0
   54    +0.290    +0.449   0.281   0.2807  0.04066      0
   55    +0.300    +0.462   0.350   0.3500  0.03983      0
   56    +0.259    +0.411   0.362   0.3623  0.04544      0
   57    +0.299    +0.460   0.317   0.3167  0.04077      0
   58    +0.099    +0.181   0.308   0.3083  0.03733      0
   59    +0.329    +0.495   0.327   0.3273  0.03812      0
   60    +0.378    +0.549   0.250   0.2500  0.03624      0
   61    +0.424    +0.595   0.342   0.3420  0.04868      0
   62    +0.037    +0.072   0.375   0.3753  0.03085      0
   63    +0.343    +0.510   0.301   0.3007  0.04973      0
   64    +0.371    +0.541   0.409   0.4093  0.04163      0
   65    +0.308    +0.471   0.325   0.3247  0.04129      0
   66    +0.021    +0.041   0.332   0.3323  0.02679      0
   67    +0.034    +0.065   0.401   0.4010  0.03015      0
   68    +0.141    +0.248   0.343   0.3433  0.03409      0
   69    +0.057    +0.107   0.374   0.3737  0.03060      0
   70    +0.226    +0.368   0.363   0.3630  0.05539      0
   71    +0.241    +0.388   0.331   0.3307  0.03829      0
   72    +0.158    +0.272   0.355   0.3547  0.03314      0
   73    +0.512    +0.677   0.330   0.3303  0.04340      0
   74    +0.365    +0.534   0.340   0.3400  0.03624      0
   75    +0.406    +0.578   0.440   0.4397  0.04848      0
   76    +0.210    +0.347   0.357   0.3573  0.03336      0
   77    -0.012    -0.025   0.377   0.3767  0.02809      0
   78    +0.130    +0.230   0.287   0.2873  0.02999      0
   79    +0.083    +0.153   0.351   0.3513  0.03201      0
   80    +0.138    +0.242   0.362   0.3623  0.03008      0
   81    -0.074    -0.160   0.390   0.3900  0.02352      0
   82    +0.273    +0.429   0.348   0.3480  0.03772      0
   83    +0.158    +0.273   0.292   0.2917  0.03163      0
   84    +0.417    +0.589   0.374   0.3740  0.04716      0
   85    +0.298    +0.459   0.344   0.3443  0.03612      0
   86    -0.005    -0.009   0.364   0.3643  0.03073      0
   87    +0.141    +0.247   0.414   0.4140  0.03252      0
   88    +0.180    +0.305   0.311   0.3113  0.02729      0
   89    +0.213    +0.351   0.402   0.4020  0.03798      0
   90    +0.108    +0.195   0.316   0.3163  0.03301      0
   91    +0.212    +0.351   0.430   0.4297  0.04347      0
   92    +0.220    +0.360   0.406   0.4060  0.03489      0
   93    +0.177    +0.301   0.431   0.4310  0.03380      0
   94    +0.141    +0.247   0.340   0.3397  0.02787      0
   95    +0.093    +0.169   0.441   0.4413  0.02717      0
   96    +0.335    +0.502   0.403   0.4033  0.03609      0
   97    +0.192    +0.322   0.395   0.3947  0.02907      0
   98    -0.115    -0.261   0.446   0.4463  0.02714      0
   99    +0.255    +0.406   0.383   0.3833  0.03467      0
   rho_mean=0.2559  min=-0.1154  max=0.5546
   -> axis_probe/results/countdown_3b_N30_B100/tilt_N30_B100_kappa0.2_half0.5_s0_rho.json
