== split-half Spearman rho :: tilt_N30_B100_kappa0.2_s0.jsonl ==
   steps=100  splits/step=20
 step  rho_half  rho_full   solve   f_mean    f_std  degen
    0    +0.126    +0.223   0.064   0.0637  0.02496      0
    1    +0.468    +0.637   0.072   0.0717  0.03446      0
    2    +0.494    +0.661   0.092   0.0917  0.04641      0
    3    +0.429    +0.601   0.140   0.1397  0.04875      0
    4    +0.590    +0.742   0.128   0.1280  0.05467      0
    5    +0.615    +0.762   0.152   0.1520  0.05974      0
    6    +0.608    +0.756   0.150   0.1503  0.05919      0
    7    +0.633    +0.776   0.178   0.1783  0.05837      0
    8    +0.221    +0.362   0.158   0.1580  0.03798      0
    9    +0.461    +0.631   0.196   0.1960  0.05493      0
   10    +0.367    +0.537   0.181   0.1807  0.04781      0
   11    +0.212    +0.350   0.184   0.1837  0.03619      0
   12    +0.200    +0.333   0.181   0.1807  0.03660      0
   13    +0.395    +0.567   0.240   0.2400  0.05007      0
   14    +0.295    +0.455   0.223   0.2227  0.04155      0
   15    +0.325    +0.490   0.204   0.2043  0.04674      0
   16    +0.197    +0.330   0.181   0.1807  0.03881      0
   17    +0.161    +0.278   0.223   0.2230  0.04165      0
   18    +0.277    +0.434   0.177   0.1767  0.04085      0
   19    +0.427    +0.598   0.245   0.2447  0.05162      0
   20    +0.412    +0.584   0.291   0.2913  0.06260      0
   21    +0.345    +0.512   0.241   0.2407  0.04626      0
   22    +0.557    +0.716   0.210   0.2100  0.05477      0
   23    +0.139    +0.244   0.226   0.2257  0.04169      0
   24    +0.321    +0.486   0.166   0.1663  0.04151      0
   25    +0.371    +0.542   0.215   0.2153  0.04856      0
   26    +0.457    +0.627   0.225   0.2253  0.05123      0
   27    +0.515    +0.680   0.282   0.2817  0.05894      0
   28    +0.411    +0.582   0.166   0.1660  0.04216      0
   29    +0.538    +0.699   0.224   0.2243  0.06627      0
   30    +0.697    +0.821   0.287   0.2870  0.08129      0
   31    +0.464    +0.633   0.259   0.2593  0.05944      0
   32    +0.408    +0.580   0.240   0.2397  0.05154      0
   33    +0.603    +0.752   0.211   0.2110  0.05647      0
   34    +0.643    +0.783   0.328   0.3283  0.07755      0
   35    +0.671    +0.803   0.330   0.3300  0.07448      0
   36    +0.686    +0.814   0.259   0.2593  0.07061      0
   37    +0.403    +0.574   0.257   0.2567  0.05198      0
   38    +0.473    +0.642   0.301   0.3010  0.07582      0
   39    +0.627    +0.771   0.251   0.2510  0.06508      0
   40    +0.691    +0.817   0.303   0.3033  0.06906      0
   41    +0.579    +0.733   0.273   0.2727  0.05994      0
   42    +0.777    +0.875   0.312   0.3117  0.09480      0
   43    +0.451    +0.621   0.293   0.2927  0.05819      0
   44    +0.642    +0.782   0.324   0.3243  0.06566      0
   45    +0.435    +0.606   0.223   0.2230  0.05158      0
   46    +0.588    +0.740   0.296   0.2963  0.05919      0
   47    +0.691    +0.817   0.291   0.2913  0.07584      0
   48    +0.609    +0.757   0.389   0.3887  0.06365      0
   49    +0.603    +0.752   0.220   0.2203  0.04929      0
   50    +0.609    +0.757   0.289   0.2887  0.06043      0
   51    +0.621    +0.766   0.288   0.2880  0.06337      0
   52    +0.702    +0.825   0.294   0.2943  0.07446      0
   53    +0.559    +0.717   0.293   0.2930  0.07198      0
   54    +0.655    +0.791   0.313   0.3130  0.06674      0
   55    +0.642    +0.782   0.344   0.3437  0.06978      0
   56    +0.436    +0.607   0.406   0.4057  0.05512      0
   57    +0.505    +0.671   0.342   0.3420  0.06779      0
   58    +0.604    +0.753   0.354   0.3537  0.07120      0
   59    +0.580    +0.735   0.327   0.3273  0.05887      0
   60    +0.372    +0.543   0.268   0.2680  0.03842      0
   61    +0.432    +0.604   0.340   0.3400  0.05254      0
   62    +0.500    +0.667   0.383   0.3827  0.04654      0
   63    +0.416    +0.587   0.315   0.3147  0.04544      0
   64    +0.463    +0.633   0.381   0.3810  0.05268      0
   65    +0.374    +0.545   0.356   0.3557  0.04201      0
   66    +0.304    +0.466   0.326   0.3257  0.04177      0
   67    +0.363    +0.533   0.445   0.4450  0.03677      0
   68    +0.449    +0.619   0.343   0.3427  0.05555      0
   69    +0.405    +0.577   0.384   0.3840  0.05037      0
   70    +0.493    +0.660   0.372   0.3723  0.05389      0
   71    +0.376    +0.547   0.336   0.3360  0.03887      0
   72    +0.438    +0.609   0.360   0.3600  0.05053      0
   73    +0.477    +0.646   0.347   0.3470  0.06336      0
   74    +0.429    +0.600   0.357   0.3570  0.04562      0
   75    +0.416    +0.587   0.480   0.4797  0.05606      0
   76    +0.346    +0.514   0.361   0.3607  0.04374      0
   77    +0.374    +0.544   0.383   0.3827  0.08454      0
   78    +0.359    +0.528   0.299   0.2993  0.03705      0
   79    +0.232    +0.377   0.367   0.3667  0.03876      0
   80    +0.436    +0.607   0.379   0.3790  0.03902      0
   81    +0.350    +0.519   0.391   0.3907  0.03820      0
   82    +0.126    +0.224   0.384   0.3840  0.03852      0
   83    +0.308    +0.471   0.328   0.3283  0.03822      0
   84    +0.401    +0.573   0.366   0.3657  0.04224      0
   85    +0.448    +0.619   0.350   0.3497  0.05630      0
   86    +0.500    +0.667   0.375   0.3750  0.04674      0
   87    +0.453    +0.624   0.446   0.4463  0.04207      0
   88    +0.185    +0.312   0.327   0.3267  0.03015      0
   89    +0.469    +0.639   0.421   0.4207  0.04351      0
   90    +0.241    +0.389   0.332   0.3317  0.03742      0
   91    +0.441    +0.612   0.489   0.4893  0.04885      0
   92    +0.414    +0.586   0.394   0.3937  0.04687      0
   93    +0.482    +0.651   0.463   0.4630  0.05197      0
   94    +0.290    +0.450   0.378   0.3783  0.03588      0
   95    +0.405    +0.576   0.421   0.4210  0.05455      0
   96    +0.630    +0.773   0.420   0.4197  0.06437      0
   97    +0.392    +0.563   0.409   0.4093  0.03732      0
   98    +0.326    +0.491   0.482   0.4823  0.05194      0
   99    +0.348    +0.516   0.411   0.4107  0.03872      0
   rho_mean=0.4488  min=0.1255  max=0.7771
   -> axis_probe/results/countdown_3b_N30_B100/tilt_N30_B100_kappa0.2_s0_rho.json
