== split-half Spearman rho :: vanilla_N30_B100_s0.jsonl ==
   steps=100  splits/step=20
 step  rho_half  rho_full   solve   f_mean    f_std  degen
    0    +0.297    +0.458   0.069   0.0687  0.03074      0
    1    +0.031    +0.059   0.076   0.0757  0.02616      0
    2    +0.044    +0.085   0.079   0.0793  0.02682      0
    3    +0.157    +0.271   0.117   0.1170  0.03358      0
    4    +0.365    +0.535   0.100   0.1000  0.03941      0
    5    +0.083    +0.154   0.109   0.1093  0.02909      0
    6    +0.197    +0.329   0.095   0.0950  0.03566      0
    7    +0.240    +0.387   0.112   0.1123  0.03333      0
    8    +0.142    +0.248   0.093   0.0933  0.02785      0
    9    +0.298    +0.459   0.135   0.1353  0.03964      0
   10    -0.045    -0.095   0.125   0.1253  0.02975      0
   11    +0.035    +0.068   0.126   0.1263  0.03027      0
   12    +0.360    +0.529   0.121   0.1210  0.04377      0
   13    +0.264    +0.418   0.164   0.1637  0.04438      0
   14    +0.435    +0.607   0.135   0.1350  0.04581      0
   15    +0.182    +0.308   0.158   0.1580  0.03970      0
   16    +0.243    +0.391   0.136   0.1363  0.03728      0
   17    +0.221    +0.362   0.173   0.1733  0.03952      0
   18    +0.314    +0.478   0.134   0.1340  0.03904      0
   19    +0.096    +0.176   0.189   0.1887  0.03547      0
   20    +0.043    +0.082   0.233   0.2330  0.03778      0
   21    +0.386    +0.557   0.191   0.1913  0.04717      0
   22    +0.432    +0.603   0.183   0.1833  0.04812      0
   23    +0.372    +0.543   0.176   0.1757  0.04617      0
   24    +0.385    +0.556   0.149   0.1493  0.04457      0
   25    -0.088    -0.192   0.162   0.1623  0.02777      0
   26    +0.424    +0.595   0.163   0.1633  0.04735      0
   27    +0.537    +0.699   0.213   0.2130  0.06773      0
   28    +0.288    +0.448   0.149   0.1487  0.04137      0
   29    +0.110    +0.198   0.187   0.1873  0.03346      0
   30    +0.252    +0.402   0.232   0.2320  0.04700      0
   31    +0.346    +0.515   0.215   0.2153  0.05220      0
   32    +0.201    +0.334   0.193   0.1933  0.03571      0
   33    +0.202    +0.337   0.193   0.1930  0.04043      0
   34    +0.230    +0.374   0.274   0.2737  0.04644      0
   35    +0.487    +0.655   0.275   0.2753  0.06059      0
   36    +0.143    +0.251   0.209   0.2093  0.03777      0
   37    +0.272    +0.428   0.219   0.2190  0.04460      0
   38    +0.434    +0.606   0.240   0.2400  0.05373      0
   39    +0.504    +0.670   0.201   0.2013  0.05334      0
   40    +0.313    +0.477   0.270   0.2700  0.04987      0
   41    +0.529    +0.692   0.236   0.2360  0.05719      0
   42    +0.405    +0.576   0.294   0.2940  0.05395      0
   43    +0.209    +0.345   0.281   0.2807  0.03966      0
   44    +0.114    +0.204   0.303   0.3027  0.04171      0
   45    +0.217    +0.356   0.220   0.2203  0.04037      0
   46    +0.305    +0.468   0.277   0.2773  0.04195      0
   47    +0.001    +0.003   0.252   0.2517  0.03992      0
   48    +0.312    +0.476   0.391   0.3910  0.04657      0
   49    +0.368    +0.538   0.211   0.2110  0.04292      0
   50    +0.251    +0.402   0.293   0.2930  0.04275      0
   51    +0.333    +0.499   0.293   0.2933  0.04949      0
   52    +0.575    +0.730   0.294   0.2940  0.05469      0
   53    +0.477    +0.646   0.300   0.3000  0.06563      0
   54    +0.394    +0.566   0.310   0.3103  0.04542      0
   55    +0.228    +0.371   0.351   0.3513  0.04113      0
   56    +0.292    +0.453   0.382   0.3820  0.04339      0
   57    +0.351    +0.520   0.355   0.3547  0.04759      0
   58    +0.241    +0.389   0.342   0.3417  0.04598      0
   59    +0.160    +0.276   0.339   0.3390  0.03682      0
   60    +0.330    +0.496   0.257   0.2570  0.04259      0
   61    +0.482    +0.650   0.383   0.3827  0.05585      0
   62    +0.230    +0.374   0.390   0.3903  0.04513      0
   63    +0.339    +0.506   0.321   0.3207  0.04725      0
   64    +0.001    +0.002   0.415   0.4147  0.03344      0
   65    +0.294    +0.455   0.343   0.3427  0.04203      0
   66    +0.107    +0.193   0.347   0.3467  0.03259      0
   67    +0.273    +0.429   0.445   0.4447  0.04780      0
   68    +0.406    +0.578   0.377   0.3767  0.05369      0
   69    +0.222    +0.363   0.398   0.3983  0.03532      0
   70    +0.397    +0.568   0.395   0.3947  0.05226      0
   71    +0.057    +0.107   0.353   0.3530  0.03100      0
   72    +0.329    +0.495   0.397   0.3970  0.04188      0
   73    +0.097    +0.177   0.378   0.3777  0.03451      0
   74    +0.039    +0.075   0.366   0.3660  0.03040      0
   75    +0.374    +0.545   0.482   0.4817  0.04810      0
   76    +0.219    +0.359   0.382   0.3823  0.03432      0
   77    +0.406    +0.578   0.412   0.4120  0.04861      0
   78    +0.270    +0.425   0.346   0.3460  0.03791      0
   79    +0.076    +0.142   0.402   0.4023  0.03913      0
   80    +0.286    +0.445   0.389   0.3890  0.03978      0
   81    -0.231    -0.601   0.403   0.4033  0.02300      0
   82    +0.227    +0.370   0.372   0.3717  0.03899      0
   83    +0.156    +0.270   0.343   0.3430  0.03570      0
   84    +0.232    +0.377   0.400   0.4000  0.05266      0
   85    +0.263    +0.416   0.378   0.3783  0.04156      0
   86    +0.004    +0.009   0.424   0.4237  0.03240      0
   87    +0.438    +0.609   0.438   0.4383  0.04267      0
   88    +0.353    +0.522   0.381   0.3813  0.04646      0
   89    -0.072    -0.155   0.435   0.4350  0.02814      0
   90    +0.165    +0.283   0.365   0.3647  0.03712      0
   91    +0.410    +0.582   0.495   0.4950  0.04689      0
   92    +0.108    +0.195   0.435   0.4353  0.03243      0
   93    +0.413    +0.585   0.499   0.4990  0.04728      0
   94    +0.259    +0.411   0.398   0.3980  0.03987      0
   95    +0.223    +0.365   0.477   0.4773  0.03568      0
   96    +0.483    +0.651   0.427   0.4267  0.05088      0
   97    +0.168    +0.288   0.451   0.4510  0.03390      0
   98    +0.190    +0.319   0.516   0.5160  0.04638      0
   99    +0.144    +0.252   0.428   0.4277  0.03201      0
   rho_mean=0.2516  min=-0.231  max=0.5746
   -> axis_probe/results/countdown_3b_N30_B100/vanilla_N30_B100_s0_rho.json
