Traceback (most recent call last):
  File "/home/hyin66/es-fine-tuning-paper/experiments/2026-08-08_momentum_axis/es_bench/axis_probe/eval_base.py", line 75, in <module>
    main()
  File "/home/hyin66/es-fine-tuning-paper/experiments/2026-08-08_momentum_axis/es_bench/axis_probe/eval_base.py", line 45, in main
    from transformers import AutoTokenizer
  File "/home/hyin66/micromamba/envs/verl/lib/python3.10/site-packages/transformers/__init__.py", line 27, in <module>
    from . import dependency_versions_check
  File "/home/hyin66/micromamba/envs/verl/lib/python3.10/site-packages/transformers/dependency_versions_check.py", line 16, in <module>
    from .utils.versions import require_version, require_version_core
  File "/home/hyin66/micromamba/envs/verl/lib/python3.10/site-packages/transformers/utils/__init__.py", line 24, in <module>
    from .auto_docstring import (
  File "/home/hyin66/micromamba/envs/verl/lib/python3.10/site-packages/transformers/utils/auto_docstring.py", line 30, in <module>
    from .generic import ModelOutput
  File "/home/hyin66/micromamba/envs/verl/lib/python3.10/site-packages/transformers/utils/generic.py", line 51, in <module>
    import torch
  File "/home/hyin66/micromamba/envs/verl/lib/python3.10/site-packages/torch/__init__.py", line 2668, in <module>
    from torch import _meta_registrations
  File "/home/hyin66/micromamba/envs/verl/lib/python3.10/site-packages/torch/_meta_registrations.py", line 13, in <module>
    from torch._decomp import (
  File "/home/hyin66/micromamba/envs/verl/lib/python3.10/site-packages/torch/_decomp/__init__.py", line 276, in <module>
    import torch._decomp.decompositions
  File "/home/hyin66/micromamba/envs/verl/lib/python3.10/site-packages/torch/_decomp/decompositions.py", line 16, in <module>
    import torch._prims as prims
  File "/home/hyin66/micromamba/envs/verl/lib/python3.10/site-packages/torch/_prims/__init__.py", line 525, in <module>
    abs = _make_elementwise_unary_prim(
  File "/home/hyin66/micromamba/envs/verl/lib/python3.10/site-packages/torch/_prims/__init__.py", line 493, in _make_elementwise_unary_prim
    return _make_prim(
  File "/home/hyin66/micromamba/envs/verl/lib/python3.10/site-packages/torch/_prims/__init__.py", line 321, in _make_prim
    prim_def = torch.library.custom_op(
  File "/home/hyin66/micromamba/envs/verl/lib/python3.10/site-packages/torch/_library/custom_ops.py", line 174, in custom_op
    return inner(fn)
  File "/home/hyin66/micromamba/envs/verl/lib/python3.10/site-packages/torch/_library/custom_ops.py", line 155, in inner
    result = CustomOpDef(namespace, opname, schema_str, fn, tags)
  File "/home/hyin66/micromamba/envs/verl/lib/python3.10/site-packages/torch/_library/custom_ops.py", line 213, in __init__
    self._register_to_dispatcher(self._tags)
  File "/home/hyin66/micromamba/envs/verl/lib/python3.10/site-packages/torch/_library/custom_ops.py", line 634, in _register_to_dispatcher
    lib._register_fake(self._name, fake_impl, _stacklevel=4)
  File "/home/hyin66/micromamba/envs/verl/lib/python3.10/site-packages/torch/library.py", line 198, in _register_fake
    source = torch._library.utils.get_source(_stacklevel + 1)
  File "/home/hyin66/micromamba/envs/verl/lib/python3.10/site-packages/torch/_library/utils.py", line 54, in get_source
    frame = inspect.getframeinfo(sys._getframe(stacklevel))
  File "/home/hyin66/micromamba/envs/verl/lib/python3.10/inspect.py", line 1624, in getframeinfo
    lines, lnum = findsource(frame)
  File "/home/hyin66/micromamba/envs/verl/lib/python3.10/inspect.py", line 952, in findsource
    module = getmodule(object, file)
  File "/home/hyin66/micromamba/envs/verl/lib/python3.10/inspect.py", line 875, in getmodule
    f = getabsfile(module)
  File "/home/hyin66/micromamba/envs/verl/lib/python3.10/inspect.py", line 844, in getabsfile
    _filename = getsourcefile(object) or getfile(object)
  File "/home/hyin66/micromamba/envs/verl/lib/python3.10/inspect.py", line 826, in getsourcefile
    if os.path.exists(filename):
  File "/home/hyin66/micromamba/envs/verl/lib/python3.10/genericpath.py", line 19, in exists
    os.stat(path)
KeyboardInterrupt
